// Jest Snapshot v1, https://goo.gl/fbAQLP

exports[`DynamicPopover with default props matches snapshot 1`] = `null`;
