// Jest Snapshot v1, https://goo.gl/fbAQLP

exports[`<TableRow /> should match snapshot 1`] = `
<thead
  className=""
>
  <tr>
    <td>
      Content
    </td>
    <td>
      Content
    </td>
  </tr>
</thead>
`;
