// Jest Snapshot v1, https://goo.gl/fbAQLP

exports[`<TableRow /> should match snapshot 1`] = `
<tr
  className=""
>
  <td>
    Content
  </td>
  <td>
    Content
  </td>
</tr>
`;
