// Jest Snapshot v1, https://goo.gl/fbAQLP

exports[`<FilterPopover /> should render Popover component 1`] = `
<Popover
  className="filter-popover filter-popover--vertical"
  followCursorPosition={false}
  header={null}
  hideAfterDelayOf={500}
  hideArrow={false}
  hidePopup={false}
  isAllowed={true}
  isClosable={false}
  isDisabled={false}
  isVisible={false}
  onClose={[Function]}
  onOutsidePopoverClick={[Function]}
  onPopoverClick={[Function]}
  onVisibilityChange={[Function]}
  openTrigger="manual"
  placement="leftTop"
  popoverStyles={null}
  removeChildrenFromDOMWhenHidden={false}
  showAfterDelayOf={0}
  title={
    <IconButton
      className=""
      compact={false}
      data-test-element="testDataTestElement"
      disabled={false}
      onClick={[Function]}
    />
  }
  tooltipClassName=""
  type="default"
>
  <div
    className="tooltip-container filter-popover filter-popover--vertical"
    onClick={[Function]}
  >
    <div
      className="popover-title"
    >
      <IconButton
        className=""
        compact={false}
        data-test-element="testDataTestElement"
        disabled={false}
        onClick={[Function]}
      >
        <Button
          className="sc-btn-primary-outline icon-button--filter icon-button"
          data-test-element="testDataTestElement"
          disabled={false}
          id=""
          isLinkView={false}
          isSelected={false}
          name=""
          onClick={[Function]}
          title=""
          type="button"
          value={null}
        >
          <button
            className="sc-btn sc-btn-primary-outline icon-button--filter icon-button"
            data-test-element="testDataTestElement"
            disabled={false}
            id=""
            name=""
            onClick={[Function]}
            title=""
            type="button"
          >
            <span
              className="sc-icon-filter"
            />
          </button>
        </Button>
      </IconButton>
    </div>
    <div
      className="qtip qtip-chameleon qtip-chameleon-default qtip-shadow qtip-pos-lt qtip-focus"
      style={
        Object {
          "display": "none",
        }
      }
    >
      <div
        className="qtip-content"
        onClick={[Function]}
      >
        <div
          className="visible"
        >
          <header />
          <div
            className="tooltip-body"
          >
            <span>
              some component
            </span>
          </div>
        </div>
      </div>
    </div>
  </div>
</Popover>
`;
